Archive member included to satisfy reference by file (symbol)

/opt/Atollic_TrueSTUDIO_for_STM32_x86_64_9.3.0/ARMTools/bin/../lib/gcc/arm-atollic-eabi/6.3.1/../../../../arm-atollic-eabi/lib/armv7-m/libc_nano.a(lib_a-errno.o)
                              Src/syscalls.o (__errno)
/opt/Atollic_TrueSTUDIO_for_STM32_x86_64_9.3.0/ARMTools/bin/../lib/gcc/arm-atollic-eabi/6.3.1/../../../../arm-atollic-eabi/lib/armv7-m/libc_nano.a(lib_a-impure.o)
                              /opt/Atollic_TrueSTUDIO_for_STM32_x86_64_9.3.0/ARMTools/bin/../lib/gcc/arm-atollic-eabi/6.3.1/../../../../arm-atollic-eabi/lib/armv7-m/libc_nano.a(lib_a-errno.o) (_impure_ptr)
/opt/Atollic_TrueSTUDIO_for_STM32_x86_64_9.3.0/ARMTools/bin/../lib/gcc/arm-atollic-eabi/6.3.1/../../../../arm-atollic-eabi/lib/armv7-m/libc_nano.a(lib_a-init.o)
                              startup/startup_stm32f103xb.o (__libc_init_array)
/opt/Atollic_TrueSTUDIO_for_STM32_x86_64_9.3.0/ARMTools/bin/../lib/gcc/arm-atollic-eabi/6.3.1/../../../../arm-atollic-eabi/lib/armv7-m/libc_nano.a(lib_a-memcpy-stub.o)
                              Middlewares/Third_Party/FreeRTOS/Source/queue.o (memcpy)
/opt/Atollic_TrueSTUDIO_for_STM32_x86_64_9.3.0/ARMTools/bin/../lib/gcc/arm-atollic-eabi/6.3.1/../../../../arm-atollic-eabi/lib/armv7-m/libc_nano.a(lib_a-memset.o)
                              Drivers/STM32F1xx_HAL_Driver/Src/stm32f1xx_hal_rcc.o (memset)
/opt/Atollic_TrueSTUDIO_for_STM32_x86_64_9.3.0/ARMTools/bin/../lib/gcc/arm-atollic-eabi/6.3.1/armv7-m/libgcc.a(_lshrdi3.o)
                              Drivers/STM32F1xx_HAL_Driver/Src/stm32f1xx_hal_flash.o (__aeabi_llsr)

Allocating common symbols
Common symbol       size              file

uwTick              0x4               Drivers/STM32F1xx_HAL_Driver/Src/stm32f1xx_hal.o
xQueueRegistry      0x40              Middlewares/Third_Party/FreeRTOS/Source/queue.o
pFlash              0x20              Drivers/STM32F1xx_HAL_Driver/Src/stm32f1xx_hal_flash.o
Task1Handle         0x4               Src/main.o
huart1              0x40              Src/main.o
myTimer01Handle     0x4               Src/main.o
htim2               0x40              Src/stm32f1xx_hal_timebase_tim.o
task2Handle         0x4               Src/main.o

Discarded input sections

 .text          0x0000000000000000        0x0 /opt/Atollic_TrueSTUDIO_for_STM32_x86_64_9.3.0/ARMTools/bin/../lib/gcc/arm-atollic-eabi/6.3.1/armv7-m/crti.o
 .data          0x0000000000000000        0x0 /opt/Atollic_TrueSTUDIO_for_STM32_x86_64_9.3.0/ARMTools/bin/../lib/gcc/arm-atollic-eabi/6.3.1/armv7-m/crti.o
 .bss           0x0000000000000000        0x0 /opt/Atollic_TrueSTUDIO_for_STM32_x86_64_9.3.0/ARMTools/bin/../lib/gcc/arm-atollic-eabi/6.3.1/armv7-m/crti.o
 .data          0x0000000000000000        0x4 /opt/Atollic_TrueSTUDIO_for_STM32_x86_64_9.3.0/ARMTools/bin/../lib/gcc/arm-atollic-eabi/6.3.1/armv7-m/crtbegin.o
 .text          0x0000000000000000        0x0 Drivers/STM32F1xx_HAL_Driver/Src/stm32f1xx_hal.o
 .data          0x0000000000000000        0x0 Drivers/STM32F1xx_HAL_Driver/Src/stm32f1xx_hal.o
 .bss           0x0000000000000000        0x0 Drivers/STM32F1xx_HAL_Driver/Src/stm32f1xx_hal.o
 .text.HAL_MspInit
                0x0000000000000000        0x2 Drivers/STM32F1xx_HAL_Driver/Src/stm32f1xx_hal.o
 .text.HAL_MspDeInit
                0x0000000000000000        0x2 Drivers/STM32F1xx_HAL_Driver/Src/stm32f1xx_hal.o
 .text.HAL_DeInit
                0x0000000000000000       0x20 Drivers/STM32F1xx_HAL_Driver/Src/stm32f1xx_hal.o
 .text.HAL_InitTick
                0x0000000000000000       0x48 Drivers/STM32F1xx_HAL_Driver/Src/stm32f1xx_hal.o
 .text.HAL_GetTickPrio
                0x0000000000000000        0xc Drivers/STM32F1xx_HAL_Driver/Src/stm32f1xx_hal.o
 .text.HAL_SetTickFreq
                0x0000000000000000       0x24 Drivers/STM32F1xx_HAL_Driver/Src/stm32f1xx_hal.o
 .text.HAL_GetTickFreq
                0x0000000000000000        0xc Drivers/STM32F1xx_HAL_Driver/Src/stm32f1xx_hal.o
 .text.HAL_Delay
                0x0000000000000000       0x24 Drivers/STM32F1xx_HAL_Driver/Src/stm32f1xx_hal.o
 .text.HAL_SuspendTick
                0x0000000000000000       0x10 Drivers/STM32F1xx_HAL_Driver/Src/stm32f1xx_hal.o
 .text.HAL_ResumeTick
                0x0000000000000000       0x10 Drivers/STM32F1xx_HAL_Driver/Src/stm32f1xx_hal.o
 .text.HAL_GetHalVersion
                0x0000000000000000        0x8 Drivers/STM32F1xx_HAL_Driver/Src/stm32f1xx_hal.o
 .text.HAL_GetREVID
                0x0000000000000000        0xc Drivers/STM32F1xx_HAL_Driver/Src/stm32f1xx_hal.o
 .text.HAL_GetDEVID
                0x0000000000000000       0x10 Drivers/STM32F1xx_HAL_Driver/Src/stm32f1xx_hal.o
 .text.HAL_DBGMCU_EnableDBGSleepMode
                0x0000000000000000       0x10 Drivers/STM32F1xx_HAL_Driver/Src/stm32f1xx_hal.o
 .text.HAL_DBGMCU_DisableDBGSleepMode
                0x0000000000000000       0x10 Drivers/STM32F1xx_HAL_Driver/Src/stm32f1xx_hal.o
 .text.HAL_DBGMCU_EnableDBGStopMode
[...]
Memory Configuration

Name             Origin             Length             Attributes
RAM              0x0000000020000000 0x0000000000005000 xrw
FLASH            0x0000000008000000 0x0000000000010000 xr
*default*        0x0000000000000000 0xffffffffffffffff

Linker script and memory map

LOAD /opt/Atollic_TrueSTUDIO_for_STM32_x86_64_9.3.0/ARMTools/bin/../lib/gcc/arm-atollic-eabi/6.3.1/armv7-m/crti.o
LOAD /opt/Atollic_TrueSTUDIO_for_STM32_x86_64_9.3.0/ARMTools/bin/../lib/gcc/arm-atollic-eabi/6.3.1/armv7-m/crtbegin.o
LOAD Drivers/STM32F1xx_HAL_Driver/Src/stm32f1xx_hal.o
LOAD Drivers/STM32F1xx_HAL_Driver/Src/stm32f1xx_hal_cortex.o
LOAD Drivers/STM32F1xx_HAL_Driver/Src/stm32f1xx_hal_dma.o
LOAD Drivers/STM32F1xx_HAL_Driver/Src/stm32f1xx_hal_flash.o
LOAD Drivers/STM32F1xx_HAL_Driver/Src/stm32f1xx_hal_flash_ex.o
LOAD Drivers/STM32F1xx_HAL_Driver/Src/stm32f1xx_hal_gpio.o
LOAD Drivers/STM32F1xx_HAL_Driver/Src/stm32f1xx_hal_gpio_ex.o
LOAD Drivers/STM32F1xx_HAL_Driver/Src/stm32f1xx_hal_pwr.o
LOAD Drivers/STM32F1xx_HAL_Driver/Src/stm32f1xx_hal_rcc.o
LOAD Drivers/STM32F1xx_HAL_Driver/Src/stm32f1xx_hal_rcc_ex.o
LOAD Drivers/STM32F1xx_HAL_Driver/Src/stm32f1xx_hal_tim.o
LOAD Drivers/STM32F1xx_HAL_Driver/Src/stm32f1xx_hal_tim_ex.o
LOAD Drivers/STM32F1xx_HAL_Driver/Src/stm32f1xx_hal_uart.o
LOAD Middlewares/Third_Party/FreeRTOS/Source/CMSIS_RTOS/cmsis_os.o
LOAD Middlewares/Third_Party/FreeRTOS/Source/croutine.o
LOAD Middlewares/Third_Party/FreeRTOS/Source/event_groups.o
LOAD Middlewares/Third_Party/FreeRTOS/Source/list.o
LOAD Middlewares/Third_Party/FreeRTOS/Source/portable/GCC/ARM_CM3/port.o
LOAD Middlewares/Third_Party/FreeRTOS/Source/portable/MemMang/heap_4.o
LOAD Middlewares/Third_Party/FreeRTOS/Source/queue.o
LOAD Middlewares/Third_Party/FreeRTOS/Source/tasks.o
LOAD Middlewares/Third_Party/FreeRTOS/Source/timers.o
LOAD Src/freertos.o
LOAD Src/main.o
LOAD Src/stm32f1xx_hal_msp.o
LOAD Src/stm32f1xx_hal_timebase_tim.o
LOAD Src/stm32f1xx_it.o
LOAD Src/syscalls.o
LOAD Src/system_stm32f1xx.o
LOAD startup/startup_stm32f103xb.o
                0x0000000000000080                malloc_getpagesize_P = 0x80
START GROUP
LOAD /opt/Atollic_TrueSTUDIO_for_STM32_x86_64_9.3.0/ARMTools/bin/../lib/gcc/arm-atollic-eabi/6.3.1/../../../../arm-atollic-eabi/lib/armv7-m/libc_nano.a
LOAD /opt/Atollic_TrueSTUDIO_for_STM32_x86_64_9.3.0/ARMTools/bin/../lib/gcc/arm-atollic-eabi/6.3.1/../../../../arm-atollic-eabi/lib/armv7-m/libm.a
END GROUP
START GROUP
LOAD /opt/Atollic_TrueSTUDIO_for_STM32_x86_64_9.3.0/ARMTools/bin/../lib/gcc/arm-atollic-eabi/6.3.1/armv7-m/libgcc.a
LOAD /opt/Atollic_TrueSTUDIO_for_STM32_x86_64_9.3.0/ARMTools/bin/../lib/gcc/arm-atollic-eabi/6.3.1/../../../../arm-atollic-eabi/lib/armv7-m/libc_nano.a
END GROUP
START GROUP
LOAD /opt/Atollic_TrueSTUDIO_for_STM32_x86_64_9.3.0/ARMTools/bin/../lib/gcc/arm-atollic-eabi/6.3.1/armv7-m/libgcc.a
LOAD /opt/Atollic_TrueSTUDIO_for_STM32_x86_64_9.3.0/ARMTools/bin/../lib/gcc/arm-atollic-eabi/6.3.1/../../../../arm-atollic-eabi/lib/armv7-m/libc_nano.a
LOAD /opt/Atollic_TrueSTUDIO_for_STM32_x86_64_9.3.0/ARMTools/bin/../lib/gcc/arm-atollic-eabi/6.3.1/../../../../arm-atollic-eabi/lib/armv7-m/libnosys.a
END GROUP
START GROUP
LOAD /opt/Atollic_TrueSTUDIO_for_STM32_x86_64_9.3.0/ARMTools/bin/../lib/gcc/arm-atollic-eabi/6.3.1/armv7-m/libgcc.a
LOAD /opt/Atollic_TrueSTUDIO_for_STM32_x86_64_9.3.0/ARMTools/bin/../lib/gcc/arm-atollic-eabi/6.3.1/../../../../arm-atollic-eabi/lib/armv7-m/libc_nano.a
LOAD /opt/Atollic_TrueSTUDIO_for_STM32_x86_64_9.3.0/ARMTools/bin/../lib/gcc/arm-atollic-eabi/6.3.1/../../../../arm-atollic-eabi/lib/armv7-m/libnosys.a
END GROUP
LOAD /opt/Atollic_TrueSTUDIO_for_STM32_x86_64_9.3.0/ARMTools/bin/../lib/gcc/arm-atollic-eabi/6.3.1/armv7-m/crtend.o
LOAD /opt/Atollic_TrueSTUDIO_for_STM32_x86_64_9.3.0/ARMTools/bin/../lib/gcc/arm-atollic-eabi/6.3.1/armv7-m/crtn.o
                0x0000000020005000                _estack = 0x20005000
                0x0000000000000200                _Min_Heap_Size = 0x200
                0x0000000000000400                _Min_Stack_Size = 0x400

.isr_vector     0x0000000008000000      0x10c
                0x0000000008000000                . = ALIGN (0x4)
 *(.isr_vector)
 .isr_vector    0x0000000008000000      0x10c startup/startup_stm32f103xb.o
                0x0000000008000000                g_pfnVectors
                0x000000000800010c                . = ALIGN (0x4)

.text           0x0000000008000110     0x2c84
                0x0000000008000110                . = ALIGN (0x4)
 *(.text)
 .text          0x0000000008000110       0x40 /opt/Atollic_TrueSTUDIO_for_STM32_x86_64_9.3.0/ARMTools/bin/../lib/gcc/arm-atollic-eabi/6.3.1/armv7-m/crtbegin.o
 *(.text*)
 .text.HAL_Init
                0x0000000008000150       0x24 Drivers/STM32F1xx_HAL_Driver/Src/stm32f1xx_hal.o
                0x0000000008000150                HAL_Init
 .text.HAL_IncTick
                0x0000000008000174       0x18 Drivers/STM32F1xx_HAL_Driver/Src/stm32f1xx_hal.o
                0x0000000008000174                HAL_IncTick
 .text.HAL_GetTick
                0x000000000800018c        0xc Drivers/STM32F1xx_HAL_Driver/Src/stm32f1xx_hal.o
                0x000000000800018c                HAL_GetTick
 .text.HAL_NVIC_SetPriorityGrouping
                0x0000000008000198       0x24 Drivers/STM32F1xx_HAL_Driver/Src/stm32f1xx_hal_cortex.o
                0x0000000008000198                HAL_NVIC_SetPriorityGrouping
 .text.HAL_NVIC_SetPriority
                0x00000000080001bc       0x68 Drivers/STM32F1xx_HAL_Driver/Src/stm32f1xx_hal_cortex.o
                0x00000000080001bc                HAL_NVIC_SetPriority
 .text.HAL_NVIC_EnableIRQ
                0x0000000008000224       0x18 Drivers/STM32F1xx_HAL_Driver/Src/stm32f1xx_hal_cortex.o
                0x0000000008000224                HAL_NVIC_EnableIRQ
 .text.HAL_DMA_Abort_IT
                0x000000000800023c       0x90 Drivers/STM32F1xx_HAL_Driver/Src/stm32f1xx_hal_dma.o
                0x000000000800023c                HAL_DMA_Abort_IT
 .text.HAL_GPIO_Init
                0x00000000080002cc      0x1c0 Drivers/STM32F1xx_HAL_Driver/Src/stm32f1xx_hal_gpio.o
                0x00000000080002cc                HAL_GPIO_Init
 .text.HAL_GPIO_WritePin
                0x000000000800048c        0xa Drivers/STM32F1xx_HAL_Driver/Src/stm32f1xx_hal_gpio.o
                0x000000000800048c                HAL_GPIO_WritePin
 .text.HAL_GPIO_TogglePin
                0x0000000008000496        0x8 Drivers/STM32F1xx_HAL_Driver/Src/stm32f1xx_hal_gpio.o
                0x0000000008000496                HAL_GPIO_TogglePin
 *fill*         0x000000000800049e        0x2 
 .text.HAL_RCC_OscConfig
                0x00000000080004a0      0x318 Drivers/STM32F1xx_HAL_Driver/Src/stm32f1xx_hal_rcc.o
                0x00000000080004a0                HAL_RCC_OscConfig
 .text.HAL_RCC_GetSysClockFreq
                0x00000000080007b8       0x78 Drivers/STM32F1xx_HAL_Driver/Src/stm32f1xx_hal_rcc.o
                0x00000000080007b8                HAL_RCC_GetSysClockFreq
 .text.HAL_RCC_ClockConfig
                0x0000000008000830      0x164 Drivers/STM32F1xx_HAL_Driver/Src/stm32f1xx_hal_rcc.o
                0x0000000008000830                HAL_RCC_ClockConfig
 .text.HAL_RCC_GetPCLK1Freq
                0x0000000008000994       0x20 Drivers/STM32F1xx_HAL_Driver/Src/stm32f1xx_hal_rcc.o
                0x0000000008000994                HAL_RCC_GetPCLK1Freq
 .text.HAL_RCC_GetPCLK2Freq
                0x00000000080009b4       0x20 Drivers/STM32F1xx_HAL_Driver/Src/stm32f1xx_hal_rcc.o
                0x00000000080009b4                HAL_RCC_GetPCLK2Freq
 .text.HAL_RCC_GetClockConfig
                0x00000000080009d4       0x3c Drivers/STM32F1xx_HAL_Driver/Src/stm32f1xx_hal_rcc.o
                0x00000000080009d4                HAL_RCC_GetClockConfig
 .text.HAL_TIM_Base_MspInit
                0x0000000008000a10        0x2 Drivers/STM32F1xx_HAL_Driver/Src/stm32f1xx_hal_tim.o
                0x0000000008000a10                HAL_TIM_Base_MspInit
 .text.HAL_TIM_Base_Start_IT
                0x0000000008000a12       0x16 Drivers/STM32F1xx_HAL_Driver/Src/stm32f1xx_hal_tim.o
                0x0000000008000a12                HAL_TIM_Base_Start_IT
 .text.HAL_TIM_OC_DelayElapsedCallback
                0x0000000008000a28        0x2 Drivers/STM32F1xx_HAL_Driver/Src/stm32f1xx_hal_tim.o
                0x0000000008000a28                HAL_TIM_OC_DelayElapsedCallback
 .text.HAL_TIM_IC_CaptureCallback
                0x0000000008000a2a        0x2 Drivers/STM32F1xx_HAL_Driver/Src/stm32f1xx_hal_tim.o
                0x0000000008000a2a                HAL_TIM_IC_CaptureCallback
 .text.HAL_TIM_PWM_PulseFinishedCallback
                0x0000000008000a2c        0x2 Drivers/STM32F1xx_HAL_Driver/Src/stm32f1xx_hal_tim.o
                0x0000000008000a2c                HAL_TIM_PWM_PulseFinishedCallback
 .text.HAL_TIM_TriggerCallback
                0x0000000008000a2e        0x2 Drivers/STM32F1xx_HAL_Driver/Src/stm32f1xx_hal_tim.o
                0x0000000008000a2e                HAL_TIM_TriggerCallback
 .text.HAL_TIM_IRQHandler
                0x0000000008000a30      0x144 Drivers/STM32F1xx_HAL_Driver/Src/stm32f1xx_hal_tim.o
                0x0000000008000a30                HAL_TIM_IRQHandler
 .text.TIM_Base_SetConfig
                0x0000000008000b74       0x70 Drivers/STM32F1xx_HAL_Driver/Src/stm32f1xx_hal_tim.o
                0x0000000008000b74                TIM_Base_SetConfig
 .text.HAL_TIM_Base_Init
                0x0000000008000be4       0x34 Drivers/STM32F1xx_HAL_Driver/Src/stm32f1xx_hal_tim.o
                0x0000000008000be4                HAL_TIM_Base_Init
 .text.HAL_TIMEx_CommutationCallback
                0x0000000008000c18        0x2 Drivers/STM32F1xx_HAL_Driver/Src/stm32f1xx_hal_tim_ex.o
                0x0000000008000c18                HAL_TIMEx_CommutationCallback
 .text.HAL_TIMEx_BreakCallback
                0x0000000008000c1a        0x2 Drivers/STM32F1xx_HAL_Driver/Src/stm32f1xx_hal_tim_ex.o
                0x0000000008000c1a                HAL_TIMEx_BreakCallback
 .text.UART_EndRxTransfer
                0x0000000008000c1c       0x1a Drivers/STM32F1xx_HAL_Driver/Src/stm32f1xx_hal_uart.o
 *fill*         0x0000000008000c36        0x2 
 .text.UART_SetConfig
                0x0000000008000c38      0x13c Drivers/STM32F1xx_HAL_Driver/Src/stm32f1xx_hal_uart.o
 .text.UART_WaitOnFlagUntilTimeout.constprop.3
                0x0000000008000d74       0x50 Drivers/STM32F1xx_HAL_Driver/Src/stm32f1xx_hal_uart.o
 .text.HAL_UART_Init
                0x0000000008000dc4       0x5c Drivers/STM32F1xx_HAL_Driver/Src/stm32f1xx_hal_uart.o
                0x0000000008000dc4                HAL_UART_Init
 .text.HAL_UART_Transmit
                0x0000000008000e20       0xb8 Drivers/STM32F1xx_HAL_Driver/Src/stm32f1xx_hal_uart.o
                0x0000000008000e20                HAL_UART_Transmit
 .text.HAL_UART_Transmit_IT
                0x0000000008000ed8       0x3e Drivers/STM32F1xx_HAL_Driver/Src/stm32f1xx_hal_uart.o
                0x0000000008000ed8                HAL_UART_Transmit_IT
 .text.HAL_UART_TxCpltCallback
                0x0000000008000f16        0x2 Drivers/STM32F1xx_HAL_Driver/Src/stm32f1xx_hal_uart.o
                0x0000000008000f16                HAL_UART_TxCpltCallback
 .text.UART_Receive_IT
                0x0000000008000f18       0x7c Drivers/STM32F1xx_HAL_Driver/Src/stm32f1xx_hal_uart.o
 .text.HAL_UART_ErrorCallback
                0x0000000008000f94        0x2 Drivers/STM32F1xx_HAL_Driver/Src/stm32f1xx_hal_uart.o
                0x0000000008000f94                HAL_UART_ErrorCallback
 *fill*         0x0000000008000f96        0x2 
 .text.HAL_UART_IRQHandler
                0x0000000008000f98      0x140 Drivers/STM32F1xx_HAL_Driver/Src/stm32f1xx_hal_uart.o
                0x0000000008000f98                HAL_UART_IRQHandler
 .text.UART_DMAAbortOnError
                0x00000000080010d8       0x10 Drivers/STM32F1xx_HAL_Driver/Src/stm32f1xx_hal_uart.o
 .text.osKernelStart
                0x00000000080010e8        0xa Middlewares/Third_Party/FreeRTOS/Source/CMSIS_RTOS/cmsis_os.o
                0x00000000080010e8                osKernelStart
 .text.osThreadCreate
                0x00000000080010f2       0x32 Middlewares/Third_Party/FreeRTOS/Source/CMSIS_RTOS/cmsis_os.o
                0x00000000080010f2                osThreadCreate
 .text.osTimerCreate
                0x0000000008001124       0x20 Middlewares/Third_Party/FreeRTOS/Source/CMSIS_RTOS/cmsis_os.o
                0x0000000008001124                osTimerCreate
 .text.osTimerStart
                0x0000000008001144       0x54 Middlewares/Third_Party/FreeRTOS/Source/CMSIS_RTOS/cmsis_os.o
                0x0000000008001144                osTimerStart
 .text.vListInitialise
                0x0000000008001198       0x16 Middlewares/Third_Party/FreeRTOS/Source/list.o
                0x0000000008001198                vListInitialise
 .text.vListInitialiseItem
                0x00000000080011ae        0x6 Middlewares/Third_Party/FreeRTOS/Source/list.o
                0x00000000080011ae                vListInitialiseItem
 .text.vListInsertEnd
                0x00000000080011b4       0x18 Middlewares/Third_Party/FreeRTOS/Source/list.o
                0x00000000080011b4                vListInsertEnd
 .text.vListInsert
                0x00000000080011cc       0x2e Middlewares/Third_Party/FreeRTOS/Source/list.o
                0x00000000080011cc                vListInsert
 .text.uxListRemove
                0x00000000080011fa       0x20 Middlewares/Third_Party/FreeRTOS/Source/list.o
                0x00000000080011fa                uxListRemove
 *fill*         0x000000000800121a        0x2 
 .text.prvTaskExitError
                0x000000000800121c       0x30 Middlewares/Third_Party/FreeRTOS/Source/portable/GCC/ARM_CM3/port.o
 .text.prvPortStartFirstTask
                0x000000000800124c       0x20 Middlewares/Third_Party/FreeRTOS/Source/portable/GCC/ARM_CM3/port.o
 .text.pxPortInitialiseStack
                0x000000000800126c       0x24 Middlewares/Third_Party/FreeRTOS/Source/portable/GCC/ARM_CM3/port.o
                0x000000000800126c                pxPortInitialiseStack
 .text.SVC_Handler
                0x0000000008001290       0x24 Middlewares/Third_Party/FreeRTOS/Source/portable/GCC/ARM_CM3/port.o
                0x0000000008001290                SVC_Handler
 .text.vPortEnterCritical
                0x00000000080012b4       0x44 Middlewares/Third_Party/FreeRTOS/Source/portable/GCC/ARM_CM3/port.o
                0x00000000080012b4                vPortEnterCritical
 .text.vPortExitCritical
                0x00000000080012f8       0x28 Middlewares/Third_Party/FreeRTOS/Source/portable/GCC/ARM_CM3/port.o
                0x00000000080012f8                vPortExitCritical
 .text.PendSV_Handler
                0x0000000008001320       0x44 Middlewares/Third_Party/FreeRTOS/Source/portable/GCC/ARM_CM3/port.o
                0x0000000008001320                PendSV_Handler
 .text.SysTick_Handler
                0x0000000008001364       0x2c Middlewares/Third_Party/FreeRTOS/Source/portable/GCC/ARM_CM3/port.o
                0x0000000008001364                SysTick_Handler
 .text.vPortSetupTimerInterrupt
                0x0000000008001390       0x28 Middlewares/Third_Party/FreeRTOS/Source/portable/GCC/ARM_CM3/port.o
                0x0000000008001390                vPortSetupTimerInterrupt
 .text.xPortStartScheduler
                0x00000000080013b8       0x94 Middlewares/Third_Party/FreeRTOS/Source/portable/GCC/ARM_CM3/port.o
                0x00000000080013b8                xPortStartScheduler
 .text.vPortValidateInterruptPriority
                0x000000000800144c       0x5c Middlewares/Third_Party/FreeRTOS/Source/portable/GCC/ARM_CM3/port.o
                0x000000000800144c                vPortValidateInterruptPriority
 .text.unlikely.prvInsertBlockIntoFreeList
                0x00000000080014a8       0x48 Middlewares/Third_Party/FreeRTOS/Source/portable/MemMang/heap_4.o
 .text.pvPortMalloc
                0x00000000080014f0      0x11c Middlewares/Third_Party/FreeRTOS/Source/portable/MemMang/heap_4.o
                0x00000000080014f0                pvPortMalloc
 .text.vPortFree
                0x000000000800160c       0x70 Middlewares/Third_Party/FreeRTOS/Source/portable/MemMang/heap_4.o
                0x000000000800160c                vPortFree
 .text.unlikely.prvCopyDataToQueue
                0x000000000800167c       0x66 Middlewares/Third_Party/FreeRTOS/Source/queue.o
 .text.unlikely.prvCopyDataFromQueue
                0x00000000080016e2       0x28 Middlewares/Third_Party/FreeRTOS/Source/queue.o
 .text.prvUnlockQueue
                0x000000000800170a       0x70 Middlewares/Third_Party/FreeRTOS/Source/queue.o
 *fill*         0x000000000800177a        0x2 
 .text.xQueueGenericReset
                0x000000000800177c       0x80 Middlewares/Third_Party/FreeRTOS/Source/queue.o
                0x000000000800177c                xQueueGenericReset
 .text.xQueueGenericCreate
                0x00000000080017fc       0x42 Middlewares/Third_Party/FreeRTOS/Source/queue.o
                0x00000000080017fc                xQueueGenericCreate
 *fill*         0x000000000800183e        0x2 
 .text.xQueueGenericSend
                0x0000000008001840      0x16c Middlewares/Third_Party/FreeRTOS/Source/queue.o
                0x0000000008001840                xQueueGenericSend
 .text.xQueueGenericSendFromISR
                0x00000000080019ac       0xc4 Middlewares/Third_Party/FreeRTOS/Source/queue.o
                0x00000000080019ac                xQueueGenericSendFromISR
 .text.xQueueGenericReceive
                0x0000000008001a70      0x188 Middlewares/Third_Party/FreeRTOS/Source/queue.o
                0x0000000008001a70                xQueueGenericReceive
 .text.vQueueAddToRegistry
                0x0000000008001bf8       0x24 Middlewares/Third_Party/FreeRTOS/Source/queue.o
                0x0000000008001bf8                vQueueAddToRegistry
 .text.vQueueWaitForMessageRestricted
                0x0000000008001c1c       0x46 Middlewares/Third_Party/FreeRTOS/Source/queue.o
                0x0000000008001c1c                vQueueWaitForMessageRestricted
 *fill*         0x0000000008001c62        0x2 
 .text.prvResetNextTaskUnblockTime
                0x0000000008001c64       0x24 Middlewares/Third_Party/FreeRTOS/Source/tasks.o
 .text.prvAddCurrentTaskToDelayedList
                0x0000000008001c88       0x8c Middlewares/Third_Party/FreeRTOS/Source/tasks.o
 .text.vTaskSetTimeOutState.part.5
                0x0000000008001d14       0x12 Middlewares/Third_Party/FreeRTOS/Source/tasks.o
 *fill*         0x0000000008001d26        0x2 
 .text.xTaskCreate
                0x0000000008001d28      0x1a0 Middlewares/Third_Party/FreeRTOS/Source/tasks.o
                0x0000000008001d28                xTaskCreate
 .text.vTaskStartScheduler
                0x0000000008001ec8       0x80 Middlewares/Third_Party/FreeRTOS/Source/tasks.o
                0x0000000008001ec8                vTaskStartScheduler
 .text.vTaskSuspendAll
                0x0000000008001f48       0x10 Middlewares/Third_Party/FreeRTOS/Source/tasks.o
                0x0000000008001f48                vTaskSuspendAll
 .text.xTaskGetTickCount
                0x0000000008001f58        0xc Middlewares/Third_Party/FreeRTOS/Source/tasks.o
                0x0000000008001f58                xTaskGetTickCount
 .text.xTaskIncrementTick
                0x0000000008001f64      0x124 Middlewares/Third_Party/FreeRTOS/Source/tasks.o
                0x0000000008001f64                xTaskIncrementTick
 .text.xTaskResumeAll
                0x0000000008002088       0xf0 Middlewares/Third_Party/FreeRTOS/Source/tasks.o
                0x0000000008002088                xTaskResumeAll
 .text.prvIdleTask
                0x0000000008002178       0x74 Middlewares/Third_Party/FreeRTOS/Source/tasks.o
 .text.vTaskSwitchContext
                0x00000000080021ec       0x74 Middlewares/Third_Party/FreeRTOS/Source/tasks.o
                0x00000000080021ec                vTaskSwitchContext
 .text.vTaskPlaceOnEventList
                0x0000000008002260       0x34 Middlewares/Third_Party/FreeRTOS/Source/tasks.o
                0x0000000008002260                vTaskPlaceOnEventList
 .text.vTaskPlaceOnEventListRestricted
                0x0000000008002294       0x40 Middlewares/Third_Party/FreeRTOS/Source/tasks.o
                0x0000000008002294                vTaskPlaceOnEventListRestricted
 .text.xTaskRemoveFromEventList
                0x00000000080022d4       0x84 Middlewares/Third_Party/FreeRTOS/Source/tasks.o
                0x00000000080022d4                xTaskRemoveFromEventList
 .text.vTaskSetTimeOutState
                0x0000000008002358       0x20 Middlewares/Third_Party/FreeRTOS/Source/tasks.o
                0x0000000008002358                vTaskSetTimeOutState
 .text.xTaskCheckForTimeOut
                0x0000000008002378       0x74 Middlewares/Third_Party/FreeRTOS/Source/tasks.o
                0x0000000008002378                xTaskCheckForTimeOut
 .text.vTaskMissedYield
                0x00000000080023ec        0xc Middlewares/Third_Party/FreeRTOS/Source/tasks.o
                0x00000000080023ec                vTaskMissedYield
 .text.xTaskGetSchedulerState
                0x00000000080023f8       0x20 Middlewares/Third_Party/FreeRTOS/Source/tasks.o
                0x00000000080023f8                xTaskGetSchedulerState
 .text.vTaskPriorityInherit
                0x0000000008002418       0x90 Middlewares/Third_Party/FreeRTOS/Source/tasks.o
                0x0000000008002418                vTaskPriorityInherit
 .text.xTaskPriorityDisinherit
                0x00000000080024a8       0xa0 Middlewares/Third_Party/FreeRTOS/Source/tasks.o
                0x00000000080024a8                xTaskPriorityDisinherit
 .text.pvTaskIncrementMutexHeldCount
                0x0000000008002548       0x18 Middlewares/Third_Party/FreeRTOS/Source/tasks.o
                0x0000000008002548                pvTaskIncrementMutexHeldCount
 .text.prvCheckForValidListAndQueue
                0x0000000008002560       0x58 Middlewares/Third_Party/FreeRTOS/Source/timers.o
 .text.prvInsertTimerInActiveList
                0x00000000080025b8       0x3c Middlewares/Third_Party/FreeRTOS/Source/timers.o
 .text.xTimerCreateTimerTask
                0x00000000080025f4       0x4c Middlewares/Third_Party/FreeRTOS/Source/timers.o
                0x00000000080025f4                xTimerCreateTimerTask
 .text.xTimerCreate
                0x0000000008002640       0x48 Middlewares/Third_Party/FreeRTOS/Source/timers.o
                0x0000000008002640                xTimerCreate
 .text.xTimerGenericCommand
                0x0000000008002688       0x58 Middlewares/Third_Party/FreeRTOS/Source/timers.o
                0x0000000008002688                xTimerGenericCommand
 .text.prvSwitchTimerLists
                0x00000000080026e0       0x7c Middlewares/Third_Party/FreeRTOS/Source/timers.o
 .text.prvTimerTask
                0x000000000800275c      0x1cc Middlewares/Third_Party/FreeRTOS/Source/timers.o
 .text.Callback01
                0x0000000008002928        0xc Src/main.o
                0x0000000008002928                Callback01
 .text.task1EntryFunction
                0x0000000008002934       0x1c Src/main.o
                0x0000000008002934                task1EntryFunction
 .text.task2EntryFunction
                0x0000000008002950       0x4c Src/main.o
                0x0000000008002950                task2EntryFunction
 .text.SystemClock_Config
                0x000000000800299c       0x44 Src/main.o
                0x000000000800299c                SystemClock_Config
 .text.startup.main
                0x00000000080029e0      0x100 Src/main.o
                0x00000000080029e0                main
 .text.HAL_UART_RxCpltCallback
                0x0000000008002ae0       0x14 Src/main.o
                0x0000000008002ae0                HAL_UART_RxCpltCallback
 .text.HAL_TIM_PeriodElapsedCallback
                0x0000000008002af4        0xe Src/main.o
                0x0000000008002af4                HAL_TIM_PeriodElapsedCallback
 *fill*         0x0000000008002b02        0x2 
 .text.HAL_MspInit
                0x0000000008002b04       0x50 Src/stm32f1xx_hal_msp.o
                0x0000000008002b04                HAL_MspInit
 .text.HAL_UART_MspInit
                0x0000000008002b54       0x88 Src/stm32f1xx_hal_msp.o
                0x0000000008002b54                HAL_UART_MspInit
 .text.HAL_InitTick
                0x0000000008002bdc       0x74 Src/stm32f1xx_hal_timebase_tim.o
                0x0000000008002bdc                HAL_InitTick
 .text.NMI_Handler
                0x0000000008002c50        0x2 Src/stm32f1xx_it.o
                0x0000000008002c50                NMI_Handler
 .text.HardFault_Handler
                0x0000000008002c52        0x2 Src/stm32f1xx_it.o
                0x0000000008002c52                HardFault_Handler
 .text.MemManage_Handler
                0x0000000008002c54        0x2 Src/stm32f1xx_it.o
                0x0000000008002c54                MemManage_Handler
 .text.BusFault_Handler
                0x0000000008002c56        0x2 Src/stm32f1xx_it.o
                0x0000000008002c56                BusFault_Handler
 .text.UsageFault_Handler
                0x0000000008002c58        0x2 Src/stm32f1xx_it.o
                0x0000000008002c58                UsageFault_Handler
 .text.DebugMon_Handler
                0x0000000008002c5a        0x2 Src/stm32f1xx_it.o
                0x0000000008002c5a                DebugMon_Handler
 .text.TIM2_IRQHandler
                0x0000000008002c5c        0xc Src/stm32f1xx_it.o
                0x0000000008002c5c                TIM2_IRQHandler
 .text.USART1_IRQHandler
                0x0000000008002c68        0xc Src/stm32f1xx_it.o
                0x0000000008002c68                USART1_IRQHandler
 .text.SystemInit
                0x0000000008002c74       0x4c Src/system_stm32f1xx.o
                0x0000000008002c74                SystemInit
 .text.Reset_Handler
                0x0000000008002cc0       0x48 startup/startup_stm32f103xb.o
                0x0000000008002cc0                Reset_Handler
 .text.Default_Handler
                0x0000000008002d08        0x2 startup/startup_stm32f103xb.o
                0x0000000008002d08                RTC_Alarm_IRQHandler
                0x0000000008002d08                EXTI2_IRQHandler
                0x0000000008002d08                TIM1_CC_IRQHandler
                0x0000000008002d08                PVD_IRQHandler
                0x0000000008002d08                EXTI3_IRQHandler
                0x0000000008002d08                EXTI0_IRQHandler
                0x0000000008002d08                I2C2_EV_IRQHandler
                0x0000000008002d08                ADC1_2_IRQHandler
                0x0000000008002d08                SPI1_IRQHandler
                0x0000000008002d08                TAMPER_IRQHandler
                0x0000000008002d08                DMA1_Channel4_IRQHandler
                0x0000000008002d08                USART3_IRQHandler
                0x0000000008002d08                RTC_IRQHandler
                0x0000000008002d08                DMA1_Channel7_IRQHandler
                0x0000000008002d08                CAN1_RX1_IRQHandler
                0x0000000008002d08                TIM4_IRQHandler
                0x0000000008002d08                I2C1_EV_IRQHandler
                0x0000000008002d08                DMA1_Channel6_IRQHandler
                0x0000000008002d08                TIM3_IRQHandler
                0x0000000008002d08                RCC_IRQHandler
                0x0000000008002d08                TIM1_TRG_COM_IRQHandler
                0x0000000008002d08                DMA1_Channel1_IRQHandler
                0x0000000008002d08                Default_Handler
                0x0000000008002d08                EXTI15_10_IRQHandler
                0x0000000008002d08                EXTI9_5_IRQHandler
                0x0000000008002d08                SPI2_IRQHandler
                0x0000000008002d08                DMA1_Channel5_IRQHandler
                0x0000000008002d08                EXTI4_IRQHandler
                0x0000000008002d08                USB_LP_CAN1_RX0_IRQHandler
                0x0000000008002d08                USB_HP_CAN1_TX_IRQHandler
                0x0000000008002d08                DMA1_Channel3_IRQHandler
                0x0000000008002d08                TIM1_UP_IRQHandler
                0x0000000008002d08                WWDG_IRQHandler
                0x0000000008002d08                TIM1_BRK_IRQHandler
                0x0000000008002d08                EXTI1_IRQHandler
                0x0000000008002d08                USART2_IRQHandler
                0x0000000008002d08                I2C2_ER_IRQHandler
                0x0000000008002d08                DMA1_Channel2_IRQHandler
                0x0000000008002d08                CAN1_SCE_IRQHandler
                0x0000000008002d08                FLASH_IRQHandler
                0x0000000008002d08                I2C1_ER_IRQHandler
                0x0000000008002d08                USBWakeUp_IRQHandler
 *fill*         0x0000000008002d0a        0x2 
 .text.__libc_init_array
                0x0000000008002d0c       0x48 /opt/Atollic_TrueSTUDIO_for_STM32_x86_64_9.3.0/ARMTools/bin/../lib/gcc/arm-atollic-eabi/6.3.1/../../../../arm-atollic-eabi/lib/armv7-m/libc_nano.a(lib_a-init.o)
                0x0000000008002d0c                __libc_init_array
 .text.memcpy   0x0000000008002d54       0x16 /opt/Atollic_TrueSTUDIO_for_STM32_x86_64_9.3.0/ARMTools/bin/../lib/gcc/arm-atollic-eabi/6.3.1/../../../../arm-atollic-eabi/lib/armv7-m/libc_nano.a(lib_a-memcpy-stub.o)
                0x0000000008002d54                memcpy
 .text.memset   0x0000000008002d6a       0x10 /opt/Atollic_TrueSTUDIO_for_STM32_x86_64_9.3.0/ARMTools/bin/../lib/gcc/arm-atollic-eabi/6.3.1/../../../../arm-atollic-eabi/lib/armv7-m/libc_nano.a(lib_a-memset.o)
                0x0000000008002d6a                memset
 *(.glue_7)
 .glue_7        0x0000000008002d7a        0x0 linker stubs
 *(.glue_7t)
 .glue_7t       0x0000000008002d7a        0x0 linker stubs
 *(.eh_frame)
 *fill*         0x0000000008002d7a        0x2 
 .eh_frame      0x0000000008002d7c        0x0 /opt/Atollic_TrueSTUDIO_for_STM32_x86_64_9.3.0/ARMTools/bin/../lib/gcc/arm-atollic-eabi/6.3.1/armv7-m/crtbegin.o
 *(.init)
 .init          0x0000000008002d7c        0x4 /opt/Atollic_TrueSTUDIO_for_STM32_x86_64_9.3.0/ARMTools/bin/../lib/gcc/arm-atollic-eabi/6.3.1/armv7-m/crti.o
                0x0000000008002d7c                _init
 .init          0x0000000008002d80        0x8 /opt/Atollic_TrueSTUDIO_for_STM32_x86_64_9.3.0/ARMTools/bin/../lib/gcc/arm-atollic-eabi/6.3.1/armv7-m/crtn.o
 *(.fini)
 .fini          0x0000000008002d88        0x4 /opt/Atollic_TrueSTUDIO_for_STM32_x86_64_9.3.0/ARMTools/bin/../lib/gcc/arm-atollic-eabi/6.3.1/armv7-m/crti.o
                0x0000000008002d88                _fini
 .fini          0x0000000008002d8c        0x8 /opt/Atollic_TrueSTUDIO_for_STM32_x86_64_9.3.0/ARMTools/bin/../lib/gcc/arm-atollic-eabi/6.3.1/armv7-m/crtn.o
                0x0000000008002d94                . = ALIGN (0x4)
                0x0000000008002d94                _etext = .

.vfp11_veneer   0x0000000008002d94        0x0
 .vfp11_veneer  0x0000000008002d94        0x0 linker stubs

.v4_bx          0x0000000008002d94        0x0
 .v4_bx         0x0000000008002d94        0x0 linker stubs

.iplt           0x0000000008002d94        0x0
 .iplt          0x0000000008002d94        0x0 /opt/Atollic_TrueSTUDIO_for_STM32_x86_64_9.3.0/ARMTools/bin/../lib/gcc/arm-atollic-eabi/6.3.1/armv7-m/crtbegin.o

.rodata         0x0000000008002d94       0x70
                0x0000000008002d94                . = ALIGN (0x4)
 *(.rodata)
 .rodata        0x0000000008002d94       0x10 Drivers/STM32F1xx_HAL_Driver/Src/stm32f1xx_hal_rcc.o
 .rodata        0x0000000008002da4       0x28 Src/main.o
 *(.rodata*)
 .rodata.osTimerCreate.str1.1
                0x0000000008002dcc        0x0 Middlewares/Third_Party/FreeRTOS/Source/CMSIS_RTOS/cmsis_os.o
                                          0x1 (size before relaxing)
 .rodata.vTaskStartScheduler.str1.1
                0x0000000008002dcc        0x5 Middlewares/Third_Party/FreeRTOS/Source/tasks.o
 .rodata.prvCheckForValidListAndQueue.str1.1
                0x0000000008002dd1        0x5 Middlewares/Third_Party/FreeRTOS/Source/timers.o
 .rodata.xTimerCreateTimerTask.str1.1
                0x0000000008002dd6        0x8 Middlewares/Third_Party/FreeRTOS/Source/timers.o
 .rodata.str1.1
                0x0000000008002dde        0xc Src/main.o
 .rodata.AHBPrescTable
                0x0000000008002dea       0x10 Src/system_stm32f1xx.o
                0x0000000008002dea                AHBPrescTable
 .rodata.APBPrescTable
                0x0000000008002dfa        0x8 Src/system_stm32f1xx.o
                0x0000000008002dfa                APBPrescTable
                0x0000000008002e04                . = ALIGN (0x4)
 *fill*         0x0000000008002e02        0x2 

.rel.dyn        0x0000000008002e04        0x0
 .rel.iplt      0x0000000008002e04        0x0 /opt/Atollic_TrueSTUDIO_for_STM32_x86_64_9.3.0/ARMTools/bin/../lib/gcc/arm-atollic-eabi/6.3.1/armv7-m/crtbegin.o

.ARM.extab
 *(.ARM.extab* .gnu.linkonce.armextab.*)

.ARM            0x0000000008002e04        0x0
                0x0000000008002e04                __exidx_start = .
 *(.ARM.exidx*)
                0x0000000008002e04                __exidx_end = .

.preinit_array  0x0000000008002e04        0x0
                0x0000000008002e04                PROVIDE (__preinit_array_start, .)
 *(.preinit_array*)
                0x0000000008002e04                PROVIDE (__preinit_array_end, .)

.init_array     0x0000000008002e04        0x4
                0x0000000008002e04                PROVIDE (__init_array_start, .)
 *(SORT(.init_array.*))
 *(.init_array*)
 .init_array    0x0000000008002e04        0x4 /opt/Atollic_TrueSTUDIO_for_STM32_x86_64_9.3.0/ARMTools/bin/../lib/gcc/arm-atollic-eabi/6.3.1/armv7-m/crtbegin.o
                0x0000000008002e08                PROVIDE (__init_array_end, .)

.fini_array     0x0000000008002e08        0x4
                [!provide]                        PROVIDE (__fini_array_start, .)
 *(SORT(.fini_array.*))
 *(.fini_array*)
 .fini_array    0x0000000008002e08        0x4 /opt/Atollic_TrueSTUDIO_for_STM32_x86_64_9.3.0/ARMTools/bin/../lib/gcc/arm-atollic-eabi/6.3.1/armv7-m/crtbegin.o
                [!provide]                        PROVIDE (__fini_array_end, .)
                0x0000000008002e0c                _sidata = LOADADDR (.data)

.data           0x0000000020000000       0x24 load address 0x0000000008002e0c
                0x0000000020000000                . = ALIGN (0x4)
                0x0000000020000000                _sdata = .
 *(.data)
 *(.data*)
 .data.uwTickFreq
                0x0000000020000000        0x1 Drivers/STM32F1xx_HAL_Driver/Src/stm32f1xx_hal.o
                0x0000000020000000                uwTickFreq
 *fill*         0x0000000020000001        0x3 
 .data.uxCriticalNesting
                0x0000000020000004        0x4 Middlewares/Third_Party/FreeRTOS/Source/portable/GCC/ARM_CM3/port.o
 .data.StartMessagge
                0x0000000020000008       0x13 Src/main.o
                0x0000000020000008                StartMessagge
 *fill*         0x000000002000001b        0x1 
 .data.TimerFlag
                0x000000002000001c        0x4 Src/main.o
                0x000000002000001c                TimerFlag
 .data.SystemCoreClock
                0x0000000020000020        0x4 Src/system_stm32f1xx.o
                0x0000000020000020                SystemCoreClock
                0x0000000020000024                . = ALIGN (0x4)
                0x0000000020000024                _edata = .

.igot.plt       0x0000000020000024        0x0 load address 0x0000000008002e30
 .igot.plt      0x0000000020000024        0x0 /opt/Atollic_TrueSTUDIO_for_STM32_x86_64_9.3.0/ARMTools/bin/../lib/gcc/arm-atollic-eabi/6.3.1/armv7-m/crtbegin.o
                0x0000000020000024                . = ALIGN (0x4)

.bss            0x0000000020000024     0x2214 load address 0x0000000008002e30
                0x0000000020000024                _sbss = .
                0x0000000020000024                __bss_start__ = _sbss
 *(.bss)
 .bss           0x0000000020000024       0x1c /opt/Atollic_TrueSTUDIO_for_STM32_x86_64_9.3.0/ARMTools/bin/../lib/gcc/arm-atollic-eabi/6.3.1/armv7-m/crtbegin.o
 *(.bss*)
 .bss.ucMaxSysCallPriority
                0x0000000020000040        0x1 Middlewares/Third_Party/FreeRTOS/Source/portable/GCC/ARM_CM3/port.o
 *fill*         0x0000000020000041        0x3 
 .bss.ulMaxPRIGROUPValue
                0x0000000020000044        0x4 Middlewares/Third_Party/FreeRTOS/Source/portable/GCC/ARM_CM3/port.o
 .bss.pxEnd     0x0000000020000048        0x4 Middlewares/Third_Party/FreeRTOS/Source/portable/MemMang/heap_4.o
 .bss.ucHeap    0x000000002000004c     0x1fa0 Middlewares/Third_Party/FreeRTOS/Source/portable/MemMang/heap_4.o
 .bss.xBlockAllocatedBit
                0x0000000020001fec        0x4 Middlewares/Third_Party/FreeRTOS/Source/portable/MemMang/heap_4.o
 .bss.xFreeBytesRemaining
                0x0000000020001ff0        0x4 Middlewares/Third_Party/FreeRTOS/Source/portable/MemMang/heap_4.o
 .bss.xMinimumEverFreeBytesRemaining
                0x0000000020001ff4        0x4 Middlewares/Third_Party/FreeRTOS/Source/portable/MemMang/heap_4.o
 .bss.xStart    0x0000000020001ff8        0x8 Middlewares/Third_Party/FreeRTOS/Source/portable/MemMang/heap_4.o
 .bss.pxCurrentTCB
                0x0000000020002000        0x4 Middlewares/Third_Party/FreeRTOS/Source/tasks.o
                0x0000000020002000                pxCurrentTCB
 .bss.pxDelayedTaskList
                0x0000000020002004        0x4 Middlewares/Third_Party/FreeRTOS/Source/tasks.o
 .bss.pxOverflowDelayedTaskList
                0x0000000020002008        0x4 Middlewares/Third_Party/FreeRTOS/Source/tasks.o
 .bss.pxReadyTasksLists
                0x000000002000200c       0x8c Middlewares/Third_Party/FreeRTOS/Source/tasks.o
 .bss.uxCurrentNumberOfTasks
                0x0000000020002098        0x4 Middlewares/Third_Party/FreeRTOS/Source/tasks.o
 .bss.uxDeletedTasksWaitingCleanUp
                0x000000002000209c        0x4 Middlewares/Third_Party/FreeRTOS/Source/tasks.o
 .bss.uxPendedTicks
                0x00000000200020a0        0x4 Middlewares/Third_Party/FreeRTOS/Source/tasks.o
 .bss.uxSchedulerSuspended
                0x00000000200020a4        0x4 Middlewares/Third_Party/FreeRTOS/Source/tasks.o
 .bss.uxTaskNumber
                0x00000000200020a8        0x4 Middlewares/Third_Party/FreeRTOS/Source/tasks.o
 .bss.uxTopReadyPriority
                0x00000000200020ac        0x4 Middlewares/Third_Party/FreeRTOS/Source/tasks.o
 .bss.xDelayedTaskList1
                0x00000000200020b0       0x14 Middlewares/Third_Party/FreeRTOS/Source/tasks.o
 .bss.xDelayedTaskList2
                0x00000000200020c4       0x14 Middlewares/Third_Party/FreeRTOS/Source/tasks.o
 .bss.xIdleTaskHandle
                0x00000000200020d8        0x4 Middlewares/Third_Party/FreeRTOS/Source/tasks.o
 .bss.xNextTaskUnblockTime
                0x00000000200020dc        0x4 Middlewares/Third_Party/FreeRTOS/Source/tasks.o
 .bss.xNumOfOverflows
                0x00000000200020e0        0x4 Middlewares/Third_Party/FreeRTOS/Source/tasks.o
 .bss.xPendingReadyList
                0x00000000200020e4       0x14 Middlewares/Third_Party/FreeRTOS/Source/tasks.o
 .bss.xSchedulerRunning
                0x00000000200020f8        0x4 Middlewares/Third_Party/FreeRTOS/Source/tasks.o
 .bss.xSuspendedTaskList
                0x00000000200020fc       0x14 Middlewares/Third_Party/FreeRTOS/Source/tasks.o
 .bss.xTasksWaitingTermination
                0x0000000020002110       0x14 Middlewares/Third_Party/FreeRTOS/Source/tasks.o
 .bss.xTickCount
                0x0000000020002124        0x4 Middlewares/Third_Party/FreeRTOS/Source/tasks.o
 .bss.xYieldPending
                0x0000000020002128        0x4 Middlewares/Third_Party/FreeRTOS/Source/tasks.o
 .bss.pxCurrentTimerList
                0x000000002000212c        0x4 Middlewares/Third_Party/FreeRTOS/Source/timers.o
 .bss.pxOverflowTimerList
                0x0000000020002130        0x4 Middlewares/Third_Party/FreeRTOS/Source/timers.o
 .bss.xActiveTimerList1
                0x0000000020002134       0x14 Middlewares/Third_Party/FreeRTOS/Source/timers.o
 .bss.xActiveTimerList2
                0x0000000020002148       0x14 Middlewares/Third_Party/FreeRTOS/Source/timers.o
 .bss.xLastTime.5389
                0x000000002000215c        0x4 Middlewares/Third_Party/FreeRTOS/Source/timers.o
 .bss.xTimerQueue
                0x0000000020002160        0x4 Middlewares/Third_Party/FreeRTOS/Source/timers.o
 .bss.xTimerTaskHandle
                0x0000000020002164        0x4 Middlewares/Third_Party/FreeRTOS/Source/timers.o
 *(COMMON)
 COMMON         0x0000000020002168        0x4 Drivers/STM32F1xx_HAL_Driver/Src/stm32f1xx_hal.o
                0x0000000020002168                uwTick
 COMMON         0x000000002000216c       0x40 Middlewares/Third_Party/FreeRTOS/Source/queue.o
                0x000000002000216c                xQueueRegistry
 COMMON         0x00000000200021ac       0x4c Src/main.o
                0x00000000200021ac                Task1Handle
                0x00000000200021b0                huart1
                0x00000000200021f0                myTimer01Handle
                0x00000000200021f4                task2Handle
 COMMON         0x00000000200021f8       0x40 Src/stm32f1xx_hal_timebase_tim.o
                0x00000000200021f8                htim2
                0x0000000020002238                . = ALIGN (0x4)
                0x0000000020002238                _ebss = .
                0x0000000020002238                __bss_end__ = _ebss

._user_heap_stack
                0x0000000020002238      0x600 load address 0x0000000008002e30
                0x0000000020002238                . = ALIGN (0x4)
                0x0000000020002238                PROVIDE (end, .)
                [!provide]                        PROVIDE (_end, .)
                0x0000000020002438                . = (. + _Min_Heap_Size)
 *fill*         0x0000000020002238      0x200 
                0x0000000020002838                . = (. + _Min_Stack_Size)
 *fill*         0x0000000020002438      0x400 
                0x0000000020002838                . = ALIGN (0x4)

/DISCARD/
 libc.a(*)
 libm.a(*)
 libgcc.a(*)

.ARM.attributes
                0x0000000000000000       0x29
 *(.ARM.attributes)
 .ARM.attributes
                0x0000000000000000       0x1d /opt/Atollic_TrueSTUDIO_for_STM32_x86_64_9.3.0/ARMTools/bin/../lib/gcc/arm-atollic-eabi/6.3.1/armv7-m/crti.o
 .ARM.attributes
                0x000000000000001d       0x2d /opt/Atollic_TrueSTUDIO_for_STM32_x86_64_9.3.0/ARMTools/bin/../lib/gcc/arm-atollic-eabi/6.3.1/armv7-m/crtbegin.o
 .ARM.attributes
                0x000000000000004a       0x33 Drivers/STM32F1xx_HAL_Driver/Src/stm32f1xx_hal.o
 .ARM.attributes
                0x000000000000007d       0x33 Drivers/STM32F1xx_HAL_Driver/Src/stm32f1xx_hal_cortex.o
 .ARM.attributes
                0x00000000000000b0       0x33 Drivers/STM32F1xx_HAL_Driver/Src/stm32f1xx_hal_dma.o
 .ARM.attributes
                0x00000000000000e3       0x33 Drivers/STM32F1xx_HAL_Driver/Src/stm32f1xx_hal_gpio.o
 .ARM.attributes
                0x0000000000000116       0x33 Drivers/STM32F1xx_HAL_Driver/Src/stm32f1xx_hal_rcc.o
 .ARM.attributes
                0x0000000000000149       0x33 Drivers/STM32F1xx_HAL_Driver/Src/stm32f1xx_hal_tim.o
 .ARM.attributes
                0x000000000000017c       0x33 Drivers/STM32F1xx_HAL_Driver/Src/stm32f1xx_hal_tim_ex.o
 .ARM.attributes
                0x00000000000001af       0x33 Drivers/STM32F1xx_HAL_Driver/Src/stm32f1xx_hal_uart.o
 .ARM.attributes
                0x00000000000001e2       0x33 Middlewares/Third_Party/FreeRTOS/Source/CMSIS_RTOS/cmsis_os.o
 .ARM.attributes
                0x0000000000000215       0x33 Middlewares/Third_Party/FreeRTOS/Source/list.o
 .ARM.attributes
                0x0000000000000248       0x33 Middlewares/Third_Party/FreeRTOS/Source/portable/GCC/ARM_CM3/port.o
 .ARM.attributes
                0x000000000000027b       0x33 Middlewares/Third_Party/FreeRTOS/Source/portable/MemMang/heap_4.o
 .ARM.attributes
                0x00000000000002ae       0x33 Middlewares/Third_Party/FreeRTOS/Source/queue.o
 .ARM.attributes
                0x00000000000002e1       0x33 Middlewares/Third_Party/FreeRTOS/Source/tasks.o
 .ARM.attributes
                0x0000000000000314       0x33 Middlewares/Third_Party/FreeRTOS/Source/timers.o
 .ARM.attributes
                0x0000000000000347       0x33 Src/main.o
 .ARM.attributes
                0x000000000000037a       0x33 Src/stm32f1xx_hal_msp.o
 .ARM.attributes
                0x00000000000003ad       0x33 Src/stm32f1xx_hal_timebase_tim.o
 .ARM.attributes
                0x00000000000003e0       0x33 Src/stm32f1xx_it.o
 .ARM.attributes
                0x0000000000000413       0x33 Src/system_stm32f1xx.o
 .ARM.attributes
                0x0000000000000446       0x21 startup/startup_stm32f103xb.o
 .ARM.attributes
                0x0000000000000467       0x2d /opt/Atollic_TrueSTUDIO_for_STM32_x86_64_9.3.0/ARMTools/bin/../lib/gcc/arm-atollic-eabi/6.3.1/../../../../arm-atollic-eabi/lib/armv7-m/libc_nano.a(lib_a-init.o)
 .ARM.attributes
                0x0000000000000494       0x2d /opt/Atollic_TrueSTUDIO_for_STM32_x86_64_9.3.0/ARMTools/bin/../lib/gcc/arm-atollic-eabi/6.3.1/../../../../arm-atollic-eabi/lib/armv7-m/libc_nano.a(lib_a-memcpy-stub.o)
 .ARM.attributes
                0x00000000000004c1       0x2d /opt/Atollic_TrueSTUDIO_for_STM32_x86_64_9.3.0/ARMTools/bin/../lib/gcc/arm-atollic-eabi/6.3.1/../../../../arm-atollic-eabi/lib/armv7-m/libc_nano.a(lib_a-memset.o)
 .ARM.attributes
                0x00000000000004ee       0x1d /opt/Atollic_TrueSTUDIO_for_STM32_x86_64_9.3.0/ARMTools/bin/../lib/gcc/arm-atollic-eabi/6.3.1/armv7-m/crtn.o
OUTPUT(FreeRTOS.elf elf32-littlearm)

.debug_info     0x0000000000000000    0x1cb1a
 .debug_info    0x0000000000000000      0xfc8 Drivers/STM32F1xx_HAL_Driver/Src/stm32f1xx_hal.o
 .debug_info    0x0000000000000fc8     0x14a9 Drivers/STM32F1xx_HAL_Driver/Src/stm32f1xx_hal_cortex.o
 .debug_info    0x0000000000002471     0x1047 Drivers/STM32F1xx_HAL_Driver/Src/stm32f1xx_hal_dma.o
 .debug_info    0x00000000000034b8      0xec2 Drivers/STM32F1xx_HAL_Driver/Src/stm32f1xx_hal_gpio.o
 .debug_info    0x000000000000437a     0x123d Drivers/STM32F1xx_HAL_Driver/Src/stm32f1xx_hal_rcc.o
 .debug_info    0x00000000000055b7     0x3bb9 Drivers/STM32F1xx_HAL_Driver/Src/stm32f1xx_hal_tim.o
 .debug_info    0x0000000000009170     0x1989 Drivers/STM32F1xx_HAL_Driver/Src/stm32f1xx_hal_tim_ex.o
 .debug_info    0x000000000000aaf9     0x1e46 Drivers/STM32F1xx_HAL_Driver/Src/stm32f1xx_hal_uart.o
 .debug_info    0x000000000000c93f     0x26a9 Middlewares/Third_Party/FreeRTOS/Source/CMSIS_RTOS/cmsis_os.o
 .debug_info    0x000000000000efe8      0xac0 Middlewares/Third_Party/FreeRTOS/Source/list.o
 .debug_info    0x000000000000faa8      0x4ca Middlewares/Third_Party/FreeRTOS/Source/portable/GCC/ARM_CM3/port.o
 .debug_info    0x000000000000ff72      0xca5 Middlewares/Third_Party/FreeRTOS/Source/portable/MemMang/heap_4.o
 .debug_info    0x0000000000010c17     0x2085 Middlewares/Third_Party/FreeRTOS/Source/queue.o
 .debug_info    0x0000000000012c9c     0x2a2d Middlewares/Third_Party/FreeRTOS/Source/tasks.o
 .debug_info    0x00000000000156c9     0x1993 Middlewares/Third_Party/FreeRTOS/Source/timers.o
 .debug_info    0x000000000001705c     0x18f1 Src/main.o
 .debug_info    0x000000000001894d     0x1286 Src/stm32f1xx_hal_msp.o
 .debug_info    0x0000000000019bd3     0x11bc Src/stm32f1xx_hal_timebase_tim.o
 .debug_info    0x000000000001ad8f     0x10c6 Src/stm32f1xx_it.o
 .debug_info    0x000000000001be55      0xc4d Src/system_stm32f1xx.o
 .debug_info    0x000000000001caa2       0x78 startup/startup_stm32f103xb.o

.debug_abbrev   0x0000000000000000     0x3bf6
 .debug_abbrev  0x0000000000000000      0x315 Drivers/STM32F1xx_HAL_Driver/Src/stm32f1xx_hal.o
 .debug_abbrev  0x0000000000000315      0x399 Drivers/STM32F1xx_HAL_Driver/Src/stm32f1xx_hal_cortex.o
 .debug_abbrev  0x00000000000006ae      0x29e Drivers/STM32F1xx_HAL_Driver/Src/stm32f1xx_hal_dma.o
 .debug_abbrev  0x000000000000094c      0x268 Drivers/STM32F1xx_HAL_Driver/Src/stm32f1xx_hal_gpio.o
 .debug_abbrev  0x0000000000000bb4      0x367 Drivers/STM32F1xx_HAL_Driver/Src/stm32f1xx_hal_rcc.o
 .debug_abbrev  0x0000000000000f1b      0x3bb Drivers/STM32F1xx_HAL_Driver/Src/stm32f1xx_hal_tim.o
 .debug_abbrev  0x00000000000012d6      0x30d Drivers/STM32F1xx_HAL_Driver/Src/stm32f1xx_hal_tim_ex.o
 .debug_abbrev  0x00000000000015e3      0x364 Drivers/STM32F1xx_HAL_Driver/Src/stm32f1xx_hal_uart.o
 .debug_abbrev  0x0000000000001947      0x450 Middlewares/Third_Party/FreeRTOS/Source/CMSIS_RTOS/cmsis_os.o
 .debug_abbrev  0x0000000000001d97      0x1e3 Middlewares/Third_Party/FreeRTOS/Source/list.o
 .debug_abbrev  0x0000000000001f7a      0x249 Middlewares/Third_Party/FreeRTOS/Source/portable/GCC/ARM_CM3/port.o
 .debug_abbrev  0x00000000000021c3      0x314 Middlewares/Third_Party/FreeRTOS/Source/portable/MemMang/heap_4.o
 .debug_abbrev  0x00000000000024d7      0x3b6 Middlewares/Third_Party/FreeRTOS/Source/queue.o
 .debug_abbrev  0x000000000000288d      0x419 Middlewares/Third_Party/FreeRTOS/Source/tasks.o
 .debug_abbrev  0x0000000000002ca6      0x36c Middlewares/Third_Party/FreeRTOS/Source/timers.o
 .debug_abbrev  0x0000000000003012      0x33f Src/main.o
 .debug_abbrev  0x0000000000003351      0x23b Src/stm32f1xx_hal_msp.o
 .debug_abbrev  0x000000000000358c      0x258 Src/stm32f1xx_hal_timebase_tim.o
 .debug_abbrev  0x00000000000037e4      0x215 Src/stm32f1xx_it.o
 .debug_abbrev  0x00000000000039f9      0x1eb Src/system_stm32f1xx.o
 .debug_abbrev  0x0000000000003be4       0x12 startup/startup_stm32f103xb.o

.debug_loc      0x0000000000000000     0xa2a0
 .debug_loc     0x0000000000000000      0x11b Drivers/STM32F1xx_HAL_Driver/Src/stm32f1xx_hal.o
 .debug_loc     0x000000000000011b      0x46b Drivers/STM32F1xx_HAL_Driver/Src/stm32f1xx_hal_cortex.o
 .debug_loc     0x0000000000000586      0x5d1 Drivers/STM32F1xx_HAL_Driver/Src/stm32f1xx_hal_dma.o
 .debug_loc     0x0000000000000b57      0x36a Drivers/STM32F1xx_HAL_Driver/Src/stm32f1xx_hal_gpio.o
 .debug_loc     0x0000000000000ec1      0x4c3 Drivers/STM32F1xx_HAL_Driver/Src/stm32f1xx_hal_rcc.o
 .debug_loc     0x0000000000001384     0x300c Drivers/STM32F1xx_HAL_Driver/Src/stm32f1xx_hal_tim.o
 .debug_loc     0x0000000000004390      0x822 Drivers/STM32F1xx_HAL_Driver/Src/stm32f1xx_hal_tim_ex.o
 .debug_loc     0x0000000000004bb2     0x1311 Drivers/STM32F1xx_HAL_Driver/Src/stm32f1xx_hal_uart.o
 .debug_loc     0x0000000000005ec3     0x11d7 Middlewares/Third_Party/FreeRTOS/Source/CMSIS_RTOS/cmsis_os.o
 .debug_loc     0x000000000000709a       0x94 Middlewares/Third_Party/FreeRTOS/Source/list.o
 .debug_loc     0x000000000000712e       0xce Middlewares/Third_Party/FreeRTOS/Source/portable/GCC/ARM_CM3/port.o
 .debug_loc     0x00000000000071fc      0x390 Middlewares/Third_Party/FreeRTOS/Source/portable/MemMang/heap_4.o
 .debug_loc     0x000000000000758c      0xed2 Middlewares/Third_Party/FreeRTOS/Source/queue.o
 .debug_loc     0x000000000000845e     0x12d8 Middlewares/Third_Party/FreeRTOS/Source/tasks.o
 .debug_loc     0x0000000000009736      0x922 Middlewares/Third_Party/FreeRTOS/Source/timers.o
 .debug_loc     0x000000000000a058       0x8f Src/main.o
 .debug_loc     0x000000000000a0e7       0x58 Src/stm32f1xx_hal_msp.o
 .debug_loc     0x000000000000a13f       0x94 Src/stm32f1xx_hal_timebase_tim.o
 .debug_loc     0x000000000000a1d3       0xcd Src/system_stm32f1xx.o

.debug_aranges  0x0000000000000000      0xe10
 .debug_aranges
                0x0000000000000000       0xc8 Drivers/STM32F1xx_HAL_Driver/Src/stm32f1xx_hal.o
 .debug_aranges
                0x00000000000000c8       0x90 Drivers/STM32F1xx_HAL_Driver/Src/stm32f1xx_hal_cortex.o
 .debug_aranges
                0x0000000000000158       0x78 Drivers/STM32F1xx_HAL_Driver/Src/stm32f1xx_hal_dma.o
 .debug_aranges
                0x00000000000001d0       0x58 Drivers/STM32F1xx_HAL_Driver/Src/stm32f1xx_hal_gpio.o
 .debug_aranges
                0x0000000000000228       0x88 Drivers/STM32F1xx_HAL_Driver/Src/stm32f1xx_hal_rcc.o
 .debug_aranges
                0x00000000000002b0      0x250 Drivers/STM32F1xx_HAL_Driver/Src/stm32f1xx_hal_tim.o
 .debug_aranges
                0x0000000000000500       0xe8 Drivers/STM32F1xx_HAL_Driver/Src/stm32f1xx_hal_tim_ex.o
 .debug_aranges
                0x00000000000005e8      0x170 Drivers/STM32F1xx_HAL_Driver/Src/stm32f1xx_hal_uart.o
 .debug_aranges
                0x0000000000000758      0x198 Middlewares/Third_Party/FreeRTOS/Source/CMSIS_RTOS/cmsis_os.o
 .debug_aranges
                0x00000000000008f0       0x40 Middlewares/Third_Party/FreeRTOS/Source/list.o
 .debug_aranges
                0x0000000000000930       0x78 Middlewares/Third_Party/FreeRTOS/Source/portable/GCC/ARM_CM3/port.o
 .debug_aranges
                0x00000000000009a8       0x48 Middlewares/Third_Party/FreeRTOS/Source/portable/MemMang/heap_4.o
 .debug_aranges
                0x00000000000009f0       0xc8 Middlewares/Third_Party/FreeRTOS/Source/queue.o
 .debug_aranges
                0x0000000000000ab8      0x178 Middlewares/Third_Party/FreeRTOS/Source/tasks.o
 .debug_aranges
                0x0000000000000c30       0x88 Middlewares/Third_Party/FreeRTOS/Source/timers.o
 .debug_aranges
                0x0000000000000cb8       0x58 Src/main.o
 .debug_aranges
                0x0000000000000d10       0x30 Src/stm32f1xx_hal_msp.o
 .debug_aranges
                0x0000000000000d40       0x30 Src/stm32f1xx_hal_timebase_tim.o
 .debug_aranges
                0x0000000000000d70       0x50 Src/stm32f1xx_it.o
 .debug_aranges
                0x0000000000000dc0       0x28 Src/system_stm32f1xx.o
 .debug_aranges
                0x0000000000000de8       0x28 startup/startup_stm32f103xb.o

.debug_ranges   0x0000000000000000     0x1310
 .debug_ranges  0x0000000000000000       0xb8 Drivers/STM32F1xx_HAL_Driver/Src/stm32f1xx_hal.o
 .debug_ranges  0x00000000000000b8      0x128 Drivers/STM32F1xx_HAL_Driver/Src/stm32f1xx_hal_cortex.o
 .debug_ranges  0x00000000000001e0       0xa8 Drivers/STM32F1xx_HAL_Driver/Src/stm32f1xx_hal_dma.o
 .debug_ranges  0x0000000000000288       0x60 Drivers/STM32F1xx_HAL_Driver/Src/stm32f1xx_hal_gpio.o
 .debug_ranges  0x00000000000002e8       0xa0 Drivers/STM32F1xx_HAL_Driver/Src/stm32f1xx_hal_rcc.o
 .debug_ranges  0x0000000000000388      0x340 Drivers/STM32F1xx_HAL_Driver/Src/stm32f1xx_hal_tim.o
 .debug_ranges  0x00000000000006c8       0xd8 Drivers/STM32F1xx_HAL_Driver/Src/stm32f1xx_hal_tim_ex.o
 .debug_ranges  0x00000000000007a0      0x190 Drivers/STM32F1xx_HAL_Driver/Src/stm32f1xx_hal_uart.o
 .debug_ranges  0x0000000000000930      0x1a0 Middlewares/Third_Party/FreeRTOS/Source/CMSIS_RTOS/cmsis_os.o
 .debug_ranges  0x0000000000000ad0       0x30 Middlewares/Third_Party/FreeRTOS/Source/list.o
 .debug_ranges  0x0000000000000b00       0x80 Middlewares/Third_Party/FreeRTOS/Source/portable/GCC/ARM_CM3/port.o
 .debug_ranges  0x0000000000000b80       0x38 Middlewares/Third_Party/FreeRTOS/Source/portable/MemMang/heap_4.o
 .debug_ranges  0x0000000000000bb8      0x1a8 Middlewares/Third_Party/FreeRTOS/Source/queue.o
 .debug_ranges  0x0000000000000d60      0x290 Middlewares/Third_Party/FreeRTOS/Source/tasks.o
 .debug_ranges  0x0000000000000ff0      0x108 Middlewares/Third_Party/FreeRTOS/Source/timers.o
 .debug_ranges  0x00000000000010f8       0xc0 Src/main.o
 .debug_ranges  0x00000000000011b8       0x98 Src/stm32f1xx_hal_msp.o
 .debug_ranges  0x0000000000001250       0x48 Src/stm32f1xx_hal_timebase_tim.o
 .debug_ranges  0x0000000000001298       0x40 Src/stm32f1xx_it.o
 .debug_ranges  0x00000000000012d8       0x18 Src/system_stm32f1xx.o
 .debug_ranges  0x00000000000012f0       0x20 startup/startup_stm32f103xb.o

.debug_line     0x0000000000000000     0x7ac6
 .debug_line    0x0000000000000000      0x43e Drivers/STM32F1xx_HAL_Driver/Src/stm32f1xx_hal.o
 .debug_line    0x000000000000043e      0x448 Drivers/STM32F1xx_HAL_Driver/Src/stm32f1xx_hal_cortex.o
 .debug_line    0x0000000000000886      0x66e Drivers/STM32F1xx_HAL_Driver/Src/stm32f1xx_hal_dma.o
 .debug_line    0x0000000000000ef4      0x43d Drivers/STM32F1xx_HAL_Driver/Src/stm32f1xx_hal_gpio.o
 .debug_line    0x0000000000001331      0x618 Drivers/STM32F1xx_HAL_Driver/Src/stm32f1xx_hal_rcc.o
 .debug_line    0x0000000000001949     0x113e Drivers/STM32F1xx_HAL_Driver/Src/stm32f1xx_hal_tim.o
 .debug_line    0x0000000000002a87      0x6e0 Drivers/STM32F1xx_HAL_Driver/Src/stm32f1xx_hal_tim_ex.o
 .debug_line    0x0000000000003167      0xc24 Drivers/STM32F1xx_HAL_Driver/Src/stm32f1xx_hal_uart.o
 .debug_line    0x0000000000003d8b      0x918 Middlewares/Third_Party/FreeRTOS/Source/CMSIS_RTOS/cmsis_os.o
 .debug_line    0x00000000000046a3      0x337 Middlewares/Third_Party/FreeRTOS/Source/list.o
 .debug_line    0x00000000000049da      0x2ff Middlewares/Third_Party/FreeRTOS/Source/portable/GCC/ARM_CM3/port.o
 .debug_line    0x0000000000004cd9      0x3e0 Middlewares/Third_Party/FreeRTOS/Source/portable/MemMang/heap_4.o
 .debug_line    0x00000000000050b9      0x802 Middlewares/Third_Party/FreeRTOS/Source/queue.o
 .debug_line    0x00000000000058bb      0xbbc Middlewares/Third_Party/FreeRTOS/Source/tasks.o
 .debug_line    0x0000000000006477      0x567 Middlewares/Third_Party/FreeRTOS/Source/timers.o
 .debug_line    0x00000000000069de      0x46a Src/main.o
 .debug_line    0x0000000000006e48      0x331 Src/stm32f1xx_hal_msp.o
 .debug_line    0x0000000000007179      0x320 Src/stm32f1xx_hal_timebase_tim.o
 .debug_line    0x0000000000007499      0x312 Src/stm32f1xx_it.o
 .debug_line    0x00000000000077ab      0x29e Src/system_stm32f1xx.o
 .debug_line    0x0000000000007a49       0x7d startup/startup_stm32f103xb.o

.debug_str      0x0000000000000000     0x552c
 .debug_str     0x0000000000000000      0xbcd Drivers/STM32F1xx_HAL_Driver/Src/stm32f1xx_hal.o
                                        0xc6e (size before relaxing)
 .debug_str     0x0000000000000bcd      0x2d8 Drivers/STM32F1xx_HAL_Driver/Src/stm32f1xx_hal_cortex.o
                                        0xd96 (size before relaxing)
 .debug_str     0x0000000000000ea5      0x3eb Drivers/STM32F1xx_HAL_Driver/Src/stm32f1xx_hal_dma.o
                                        0xafa (size before relaxing)
 .debug_str     0x0000000000001290      0x1ca Drivers/STM32F1xx_HAL_Driver/Src/stm32f1xx_hal_gpio.o
                                        0x903 (size before relaxing)
 .debug_str     0x000000000000145a      0x326 Drivers/STM32F1xx_HAL_Driver/Src/stm32f1xx_hal_rcc.o
                                        0xae1 (size before relaxing)
 .debug_str     0x0000000000001780      0xf0c Drivers/STM32F1xx_HAL_Driver/Src/stm32f1xx_hal_tim.o
                                       0x1832 (size before relaxing)
 .debug_str     0x000000000000268c      0x4f1 Drivers/STM32F1xx_HAL_Driver/Src/stm32f1xx_hal_tim_ex.o
                                       0x10d4 (size before relaxing)
 .debug_str     0x0000000000002b7d      0x6d1 Drivers/STM32F1xx_HAL_Driver/Src/stm32f1xx_hal_uart.o
                                       0x104b (size before relaxing)
 .debug_str     0x000000000000324e      0xb5e Middlewares/Third_Party/FreeRTOS/Source/CMSIS_RTOS/cmsis_os.o
                                       0x1201 (size before relaxing)
 .debug_str     0x0000000000003dac      0x159 Middlewares/Third_Party/FreeRTOS/Source/list.o
                                        0x730 (size before relaxing)
 .debug_str     0x0000000000003f05      0x20e Middlewares/Third_Party/FreeRTOS/Source/portable/GCC/ARM_CM3/port.o
                                        0x44b (size before relaxing)
 .debug_str     0x0000000000004113      0x1e8 Middlewares/Third_Party/FreeRTOS/Source/portable/MemMang/heap_4.o
                                        0x819 (size before relaxing)
 .debug_str     0x00000000000042fb      0x4be Middlewares/Third_Party/FreeRTOS/Source/queue.o
                                        0xd7a (size before relaxing)
 .debug_str     0x00000000000047b9      0x709 Middlewares/Third_Party/FreeRTOS/Source/tasks.o
                                       0x1273 (size before relaxing)
 .debug_str     0x0000000000004ec2      0x3ee Middlewares/Third_Party/FreeRTOS/Source/timers.o
                                        0xcc2 (size before relaxing)
 .debug_str     0x00000000000052b0      0x127 Src/main.o
                                       0x1155 (size before relaxing)
 .debug_str     0x00000000000053d7       0x1b Src/stm32f1xx_hal_msp.o
                                        0xe40 (size before relaxing)
 .debug_str     0x00000000000053f2       0x50 Src/stm32f1xx_hal_timebase_tim.o
                                        0xee6 (size before relaxing)
 .debug_str     0x0000000000005442       0x9d Src/stm32f1xx_it.o
                                        0xcae (size before relaxing)
 .debug_str     0x00000000000054df       0x4d Src/system_stm32f1xx.o
                                        0x76c (size before relaxing)

.comment        0x0000000000000000       0x7c
 .comment       0x0000000000000000       0x7c Drivers/STM32F1xx_HAL_Driver/Src/stm32f1xx_hal.o
                                         0x7d (size before relaxing)
 .comment       0x000000000000007c       0x7d Drivers/STM32F1xx_HAL_Driver/Src/stm32f1xx_hal_cortex.o
 .comment       0x000000000000007c       0x7d Drivers/STM32F1xx_HAL_Driver/Src/stm32f1xx_hal_dma.o
 .comment       0x000000000000007c       0x7d Drivers/STM32F1xx_HAL_Driver/Src/stm32f1xx_hal_gpio.o
 .comment       0x000000000000007c       0x7d Drivers/STM32F1xx_HAL_Driver/Src/stm32f1xx_hal_rcc.o
 .comment       0x000000000000007c       0x7d Drivers/STM32F1xx_HAL_Driver/Src/stm32f1xx_hal_tim.o
 .comment       0x000000000000007c       0x7d Drivers/STM32F1xx_HAL_Driver/Src/stm32f1xx_hal_tim_ex.o
 .comment       0x000000000000007c       0x7d Drivers/STM32F1xx_HAL_Driver/Src/stm32f1xx_hal_uart.o
 .comment       0x000000000000007c       0x7d Middlewares/Third_Party/FreeRTOS/Source/CMSIS_RTOS/cmsis_os.o
 .comment       0x000000000000007c       0x7d Middlewares/Third_Party/FreeRTOS/Source/list.o
 .comment       0x000000000000007c       0x7d Middlewares/Third_Party/FreeRTOS/Source/portable/GCC/ARM_CM3/port.o
 .comment       0x000000000000007c       0x7d Middlewares/Third_Party/FreeRTOS/Source/portable/MemMang/heap_4.o
 .comment       0x000000000000007c       0x7d Middlewares/Third_Party/FreeRTOS/Source/queue.o
 .comment       0x000000000000007c       0x7d Middlewares/Third_Party/FreeRTOS/Source/tasks.o
 .comment       0x000000000000007c       0x7d Middlewares/Third_Party/FreeRTOS/Source/timers.o
 .comment       0x000000000000007c       0x7d Src/main.o
 .comment       0x000000000000007c       0x7d Src/stm32f1xx_hal_msp.o
 .comment       0x000000000000007c       0x7d Src/stm32f1xx_hal_timebase_tim.o
 .comment       0x000000000000007c       0x7d Src/stm32f1xx_it.o
 .comment       0x000000000000007c       0x7d Src/system_stm32f1xx.o

.debug_frame    0x0000000000000000     0x28c0
 .debug_frame   0x0000000000000000      0x1b0 Drivers/STM32F1xx_HAL_Driver/Src/stm32f1xx_hal.o
 .debug_frame   0x00000000000001b0      0x120 Drivers/STM32F1xx_HAL_Driver/Src/stm32f1xx_hal_cortex.o
 .debug_frame   0x00000000000002d0      0x144 Drivers/STM32F1xx_HAL_Driver/Src/stm32f1xx_hal_dma.o
 .debug_frame   0x0000000000000414       0xd4 Drivers/STM32F1xx_HAL_Driver/Src/stm32f1xx_hal_gpio.o
 .debug_frame   0x00000000000004e8      0x150 Drivers/STM32F1xx_HAL_Driver/Src/stm32f1xx_hal_rcc.o
 .debug_frame   0x0000000000000638      0x854 Drivers/STM32F1xx_HAL_Driver/Src/stm32f1xx_hal_tim.o
 .debug_frame   0x0000000000000e8c      0x320 Drivers/STM32F1xx_HAL_Driver/Src/stm32f1xx_hal_tim_ex.o
 .debug_frame   0x00000000000011ac      0x4a0 Drivers/STM32F1xx_HAL_Driver/Src/stm32f1xx_hal_uart.o
 .debug_frame   0x000000000000164c      0x508 Middlewares/Third_Party/FreeRTOS/Source/CMSIS_RTOS/cmsis_os.o
 .debug_frame   0x0000000000001b54       0x6c Middlewares/Third_Party/FreeRTOS/Source/list.o
 .debug_frame   0x0000000000001bc0       0xe0 Middlewares/Third_Party/FreeRTOS/Source/portable/GCC/ARM_CM3/port.o
 .debug_frame   0x0000000000001ca0       0x98 Middlewares/Third_Party/FreeRTOS/Source/portable/MemMang/heap_4.o
 .debug_frame   0x0000000000001d38      0x288 Middlewares/Third_Party/FreeRTOS/Source/queue.o
 .debug_frame   0x0000000000001fc0      0x4d0 Middlewares/Third_Party/FreeRTOS/Source/tasks.o
 .debug_frame   0x0000000000002490      0x190 Middlewares/Third_Party/FreeRTOS/Source/timers.o
 .debug_frame   0x0000000000002620       0xb4 Src/main.o
 .debug_frame   0x00000000000026d4       0x68 Src/stm32f1xx_hal_msp.o
 .debug_frame   0x000000000000273c       0x50 Src/stm32f1xx_hal_timebase_tim.o
 .debug_frame   0x000000000000278c       0x90 Src/stm32f1xx_it.o
 .debug_frame   0x000000000000281c       0x30 Src/system_stm32f1xx.o
 .debug_frame   0x000000000000284c       0x2c /opt/Atollic_TrueSTUDIO_for_STM32_x86_64_9.3.0/ARMTools/bin/../lib/gcc/arm-atollic-eabi/6.3.1/../../../../arm-atollic-eabi/lib/armv7-m/libc_nano.a(lib_a-init.o)
 .debug_frame   0x0000000000002878       0x28 /opt/Atollic_TrueSTUDIO_for_STM32_x86_64_9.3.0/ARMTools/bin/../lib/gcc/arm-atollic-eabi/6.3.1/../../../../arm-atollic-eabi/lib/armv7-m/libc_nano.a(lib_a-memcpy-stub.o)
 .debug_frame   0x00000000000028a0       0x20 /opt/Atollic_TrueSTUDIO_for_STM32_x86_64_9.3.0/ARMTools/bin/../lib/gcc/arm-atollic-eabi/6.3.1/../../../../arm-atollic-eabi/lib/armv7-m/libc_nano.a(lib_a-memset.o)
